// Jest Snapshot v1, https://goo.gl/fbAQLP

exports[`<Callout /> should render the callout with default values 1`] = `
.c4 {
  display: none;
}

.c0 {
  display: grid;
  position: relative;
  min-height: 30rem;
  background-color: #fafafa;
  border-radius: 0.4rem;
  grid-template-areas: 'content';
  grid-template-columns: 1fr;
}

.c0 .c6 {
  border-bottom-right-radius: 0.4rem;
  border-top-right-radius: 0.4rem;
  -webkit-mask-image: url('/img/layout/waves-left.svg');
  mask-image: url('/img/layout/waves-left.svg');
}

.c1 {
  grid-area: content;
  display: -webkit-box;
  display: -webkit-flex;
  display: -ms-flexbox;
  display: flex;
  -webkit-flex-direction: column;
  -ms-flex-direction: column;
  flex-direction: column;
  -webkit-box-pack: center;
  -webkit-justify-content: center;
  -ms-flex-pack: center;
  justify-content: center;
  padding: 4rem 4rem;
  color: #7a7a7a;
  z-index: 10;
}

.c2 {
  color: #000000;
  font-size: 2.8rem;
  font-weight: 400;
  line-height: 3.4rem;
  padding-bottom: 0.8rem;
}

.c3 {
  font-size: 1.6rem;
  font-weight: 400;
  line-height: 2.4rem;
}

.c5 {
  position: relative;
  height: 100%;
}

.c7 {
  grid-area: image;
  width: 100%;
  height: 100%;
  max-width: 41.8rem;
  object-fit: cover;
  -webkit-mask-repeat: repeat-y;
  mask-repeat: repeat-y;
  -webkit-mask-size: contain;
  mask-size: contain;
  -webkit-mask-position: top;
  mask-position: top;
}

@media (min-width:768px) {
  .c4 {
    display: block;
  }
}

@media (min-width:768px) {
  .c0 {
    grid-template-areas: 'content image';
    grid-template-columns: 2fr 1fr;
  }
}

@media (max-width:1170px) {

}

@media (max-width:1170px) {

}

@media (min-width:450px) {
  .c1 {
    padding: 5rem 5rem;
  }
}

@media (min-width:768px) {
  .c1 {
    padding: 5.6rem 10rem;
  }
}

<section
  class="c0"
>
  <div
    class="c1"
  >
    <h1
      class="c2"
    >
      Bem vindo Márcio,
    </h1>
    <h3
      class="c3"
    >
      Para você aproveitar nossas oportunidades primeiro você precisa estar dentro de um grupo, estamos aqui para lhe ajudar. 
    </h3>
  </div>
  <div
    class="c4"
  >
    <div
      class="c5"
    >
      <img
        alt="Três mulheres abraçadas e sorrindo"
        class="c6 c7"
        src="/img/promo/callout.jpeg"
      />
    </div>
  </div>
</section>
`
