// Jest Snapshot v1, https://goo.gl/fbAQLP

exports[`<UserComment /> should render an user comment correctly 1`] = `
.c0 {
  display: -webkit-box;
  display: -webkit-flex;
  display: -ms-flexbox;
  display: flex;
  -webkit-align-items: flex-end;
  -webkit-box-align: flex-end;
  -ms-flex-align: flex-end;
  align-items: flex-end;
  height: 40rem;
  position: relative;
  background-image: url(/img/promo/patricia-godoy.jpg);
  background-position: center center;
  background-size: cover;
  border-radius: 0.4rem;
}

.c0::after {
  content: '';
  width: 100%;
  height: 100%;
  position: absolute;
  background-image: url('/img/noisy-overlay.png'),radial-gradient( 112.99% 451.94% at 0% 100%,#000000 0%,rgba(0,0,0,0) 100% );
  border-radius: 0.4rem;
  opacity: 0.8;
}

.c1 {
  display: -webkit-box;
  display: -webkit-flex;
  display: -ms-flexbox;
  display: flex;
  -webkit-flex-direction: column;
  -ms-flex-direction: column;
  flex-direction: column;
  gap: 1.6rem;
  padding: 2.4rem;
  z-index: 30;
}

.c2 {
  color: #ffffff;
  font-size: 1.8rem;
  line-height: 2.4rem;
}

.c4 {
  display: -webkit-box;
  display: -webkit-flex;
  display: -ms-flexbox;
  display: flex;
  -webkit-align-items: center;
  -webkit-box-align: center;
  -ms-flex-align: center;
  align-items: center;
  gap: 1.2rem;
}

.c7 {
  color: #ffffff;
  font-weight: 400;
  font-size: 1.6rem;
  line-height: 2rem;
}

.c9 {
  color: #ffffff;
  font-size: 1.2rem;
  line-height: 1.4rem;
  opacity: 0.8;
}

.c6 {
  border-radius: 50%;
  object-fit: cover;
  color: #ffffff;
  box-shadow: 0 0 0 2px;
  width: 3.6rem;
  height: 3.6rem;
}

.c3 .c5 {
  width: 4rem;
  height: 4rem;
}

.c8 {
  display: none;
}

.c10 {
  display: none;
}

@media (min-width:450px) {
  .c1 {
    padding-right: 4.5rem;
  }
}

@media (min-width:768px) {
  .c1 {
    padding-right: 7.5rem;
  }
}

@media (min-width:1170px) {
  .c1 {
    padding-right: 14.5rem;
  }
}

@media (min-width:450px) {
  .c2 {
    font-size: 2rem;
    line-height: 2.6rem;
  }
}

@media (min-width:450px) {
  .c9 {
    line-height: 2rem;
  }
}

@media (max-width:450px) {
  .c8 {
    display: block;
  }
}

@media (min-width:450px) {
  .c10 {
    display: block;
  }
}

<div
  class="c0"
>
  <div
    class="c1"
  >
    <div
      class="c2"
    >
      ”Não consigo mais viver sem os produtos do Sítio, a diferença do que eu comprava antes e agora é abissal”
    </div>
    <div
      class="c3 c4"
    >
      <img
        alt="User Avatar"
        class="c5 c6"
        src="/img/sample-person.jpeg"
      />
      <div
        class=""
      >
        <h3
          class="c7"
        >
          Marcinho Ribeiro
        </h3>
        <div
          class="c8"
        >
          <p
            class="c9"
          >
            São José do Vale do Rio Preto
             
            <br />
             
            Rio de Janeiro
          </p>
        </div>
        <div
          class="c10"
        >
          <p
            class="c9"
          >
            São José do Vale do Rio Preto • Rio de Janeiro
          </p>
        </div>
      </div>
    </div>
  </div>
</div>
`
